// Vitest Snapshot v1, https://vitest.dev/guide/snapshot.html

exports[`MusicPlayer renders correctly and matches snapshot 1`] = `
<DocumentFragment>
  <div
    class="music-player dark:bg-dark-player-background bg-player-background flex flex-col md:flex-row max-w-4xl justify-center rounded-lg shadow-lg"
  >
    <div>
      Mock Child
    </div>
  </div>
</DocumentFragment>
`;
